// Vitest Snapshot v1, https://vitest.dev/guide/snapshot.html

exports[`analytics snapshots (golden db) > matches stable snapshots for contract-level analytics queries 1`] = `
[
  {
    "query": "kpi.channel1.last30",
    "result": {
      "ok": true,
      "value": {
        "avgViewsPerVideo": 17654.875,
        "engagementRate": 0.06349521024646167,
        "subscribers": 13717,
        "subscribersDelta": 452,
        "videos": 8,
        "videosDelta": 2,
        "views": 141239,
        "viewsDelta": 11951,
      },
    },
  },
  {
    "query": "kpi.channel2.last30",
    "result": {
      "ok": true,
      "value": {
        "avgViewsPerVideo": 8740,
        "engagementRate": 0.06600196142530239,
        "subscribers": 9620,
        "subscribersDelta": 124,
        "videos": 7,
        "videosDelta": 2,
        "views": 61180,
        "viewsDelta": -9624,
      },
    },
  },
  {
    "query": "kpi.channel3.last30",
    "result": {
      "ok": true,
      "value": {
        "avgViewsPerVideo": 13860.4,
        "engagementRate": 0.0684973016651756,
        "subscribers": 2678,
        "subscribersDelta": 240,
        "videos": 5,
        "videosDelta": 2,
        "views": 69302,
        "viewsDelta": 11586,
      },
    },
  },
  {
    "query": "timeseries.views.channel1.last14.day",
    "result": {
      "firstPoints": [
        {
          "date": "2025-10-16",
          "value": 4789,
        },
        {
          "date": "2025-10-17",
          "value": 5131,
        },
        {
          "date": "2025-10-18",
          "value": 5155,
        },
        {
          "date": "2025-10-19",
          "value": 5174,
        },
      ],
      "granularity": "day",
      "lastPoints": [
        {
          "date": "2025-10-26",
          "value": 5396,
        },
        {
          "date": "2025-10-27",
          "value": 4848,
        },
        {
          "date": "2025-10-28",
          "value": 4476,
        },
        {
          "date": "2025-10-29",
          "value": 4500,
        },
      ],
      "metric": "views",
      "sum": 68759,
      "totalPoints": 14,
    },
  },
  {
    "query": "timeseries.views.channel1.full.week",
    "result": {
      "firstPoints": [
        {
          "date": "2025-07-28",
          "value": 10480,
        },
        {
          "date": "2025-08-04",
          "value": 22284,
        },
        {
          "date": "2025-08-11",
          "value": 23838,
        },
        {
          "date": "2025-08-18",
          "value": 25001,
        },
      ],
      "granularity": "week",
      "lastPoints": [
        {
          "date": "2025-10-06",
          "value": 32360,
        },
        {
          "date": "2025-10-13",
          "value": 33132,
        },
        {
          "date": "2025-10-20",
          "value": 34686,
        },
        {
          "date": "2025-10-27",
          "value": 13824,
        },
      ],
      "metric": "views",
      "sum": 373892,
      "totalPoints": 14,
    },
  },
  {
    "query": "timeseries.subscribers.channel1.last30.day",
    "result": {
      "firstPoints": [
        {
          "date": "2025-09-30",
          "value": 13278,
        },
        {
          "date": "2025-10-01",
          "value": 13291,
        },
        {
          "date": "2025-10-02",
          "value": 13305,
        },
        {
          "date": "2025-10-03",
          "value": 13321,
        },
      ],
      "granularity": "day",
      "lastPoints": [
        {
          "date": "2025-10-26",
          "value": 13673,
        },
        {
          "date": "2025-10-27",
          "value": 13688,
        },
        {
          "date": "2025-10-28",
          "value": 13702,
        },
        {
          "date": "2025-10-29",
          "value": 13717,
        },
      ],
      "metric": "subscribers",
      "sum": 404837,
      "totalPoints": 30,
    },
  },
  {
    "query": "timeseries.likes.channel2.full.week",
    "result": {
      "firstPoints": [
        {
          "date": "2025-07-28",
          "value": 514,
        },
        {
          "date": "2025-08-04",
          "value": 1113,
        },
        {
          "date": "2025-08-11",
          "value": 728,
        },
        {
          "date": "2025-08-18",
          "value": 1049,
        },
      ],
      "granularity": "week",
      "lastPoints": [
        {
          "date": "2025-10-06",
          "value": 840,
        },
        {
          "date": "2025-10-13",
          "value": 856,
        },
        {
          "date": "2025-10-20",
          "value": 839,
        },
        {
          "date": "2025-10-27",
          "value": 271,
        },
      ],
      "metric": "likes",
      "sum": 12083,
      "totalPoints": 14,
    },
  },
  {
    "query": "timeseries.comments.channel2.full.month",
    "result": {
      "firstPoints": [
        {
          "date": "2025-08-01",
          "value": 525,
        },
        {
          "date": "2025-09-01",
          "value": 490,
        },
        {
          "date": "2025-10-01",
          "value": 418,
        },
      ],
      "granularity": "month",
      "lastPoints": [
        {
          "date": "2025-08-01",
          "value": 525,
        },
        {
          "date": "2025-09-01",
          "value": 490,
        },
        {
          "date": "2025-10-01",
          "value": 418,
        },
      ],
      "metric": "comments",
      "sum": 1433,
      "totalPoints": 3,
    },
  },
  {
    "query": "channel.info.1",
    "result": {
      "ok": true,
      "value": {
        "channelId": "UC-GOLD-PL-001",
        "createdAt": "2025-08-01T09:00:00.000Z",
        "description": "Kanał edukacyjny z mocnym trendem wzrostowym i okresowymi pikami.",
        "lastSyncAt": "2025-10-29T23:00:00.000Z",
        "name": "Kanał Strategia",
        "subscriberCount": 13717,
        "thumbnailUrl": "https://example.com/UC-GOLD-PL-001.jpg",
        "videoCount": 8,
        "viewCount": 373892,
      },
    },
  },
  {
    "query": "channel.info.2",
    "result": {
      "ok": true,
      "value": {
        "channelId": "UC-GOLD-PL-002",
        "createdAt": "2025-08-01T09:00:00.000Z",
        "description": "Kanał testowy z wahaniami i okresami spadkowymi.",
        "lastSyncAt": "2025-10-29T23:00:00.000Z",
        "name": "Kanał Shorts Lab",
        "subscriberCount": 9620,
        "thumbnailUrl": "https://example.com/UC-GOLD-PL-002.jpg",
        "videoCount": 7,
        "viewCount": 204827,
      },
    },
  },
  {
    "query": "channel.info.3",
    "result": {
      "ok": true,
      "value": {
        "channelId": "UC-GOLD-PL-003",
        "createdAt": "2025-08-01T09:00:00.000Z",
        "description": "Kanał z późnym startem danych i częściowymi brakami.",
        "lastSyncAt": "2025-10-29T23:00:00.000Z",
        "name": "Kanał Niszowy",
        "subscriberCount": 2678,
        "thumbnailUrl": "https://example.com/UC-GOLD-PL-003.jpg",
        "videoCount": 5,
        "viewCount": 136047,
      },
    },
  },
  {
    "query": "report.generate.channel1.last30.views",
    "result": {
      "ok": true,
      "value": {
        "channel": {
          "channelId": "UC-GOLD-PL-001",
          "name": "Kanał Strategia",
        },
        "forecast": {
          "channelId": "UC-GOLD-PL-001",
          "modelType": "linear-regression",
          "points": [
            {
              "date": "2025-10-30",
              "horizonDays": 1,
              "p10": 3237.714637,
              "p50": 5010.832709,
              "p90": 6783.950781,
              "predicted": 5010.832709,
            },
            {
              "date": "2025-10-31",
              "horizonDays": 2,
              "p10": 2522.088758,
              "p50": 5029.656383,
              "p90": 7537.224008,
              "predicted": 5029.656383,
            },
            {
              "date": "2025-11-01",
              "horizonDays": 3,
              "p10": 1977.349469,
              "p50": 5048.480057,
              "p90": 8119.610645,
              "predicted": 5048.480057,
            },
            {
              "date": "2025-11-02",
              "horizonDays": 4,
              "p10": 1521.067587,
              "p50": 5067.30373,
              "p90": 8613.539874,
              "predicted": 5067.30373,
            },
            {
              "date": "2025-11-03",
              "horizonDays": 5,
              "p10": 1121.314863,
              "p50": 5086.127404,
              "p90": 9050.939944,
              "predicted": 5086.127404,
            },
            {
              "date": "2025-11-04",
              "horizonDays": 6,
              "p10": 761.716548,
              "p50": 5104.951078,
              "p90": 9448.185607,
              "predicted": 5104.951078,
            },
            {
              "date": "2025-11-05",
              "horizonDays": 7,
              "p10": 432.545288,
              "p50": 5123.774751,
              "p90": 9815.004214,
              "predicted": 5123.774751,
            },
            {
              "date": "2025-11-06",
              "horizonDays": 8,
              "p10": 127.463176,
              "p50": 5142.598425,
              "p90": 10157.733674,
              "predicted": 5142.598425,
            },
            {
              "date": "2025-11-07",
              "horizonDays": 9,
              "p10": 0,
              "p50": 5161.422099,
              "p90": 10480.776314,
              "predicted": 5161.422099,
            },
            {
              "date": "2025-11-08",
              "horizonDays": 10,
              "p10": 0,
              "p50": 5180.245772,
              "p90": 10787.337439,
              "predicted": 5180.245772,
            },
            {
              "date": "2025-11-09",
              "horizonDays": 11,
              "p10": 0,
              "p50": 5199.069446,
              "p90": 11079.836799,
              "predicted": 5199.069446,
            },
            {
              "date": "2025-11-10",
              "horizonDays": 12,
              "p10": 0,
              "p50": 5217.89312,
              "p90": 11360.154296,
              "predicted": 5217.89312,
            },
            {
              "date": "2025-11-11",
              "horizonDays": 13,
              "p10": 0,
              "p50": 5236.716794,
              "p90": 11629.784919,
              "predicted": 5236.716794,
            },
            {
              "date": "2025-11-12",
              "horizonDays": 14,
              "p10": 0,
              "p50": 5255.540467,
              "p90": 11889.940798,
              "predicted": 5255.540467,
            },
          ],
          "targetMetric": "views",
          "trainedAt": "2026-01-15T10:00:00.000Z",
        },
        "generatedAt": "2026-01-16T09:30:00.000Z",
        "insights": [
          {
            "code": "INSIGHT_VIEWS_POSITIVE",
            "description": "W badanym zakresie wyświetlenia wzrosły o 11951.",
            "severity": "good",
            "title": "Wyświetlenia rosną",
          },
          {
            "code": "INSIGHT_SUBSCRIBERS_UP",
            "description": "Kanał zyskał 452 subskrybentów.",
            "severity": "good",
            "title": "Przyrost subskrybentów",
          },
          {
            "code": "INSIGHT_FORECAST_UP",
            "description": "Najbliższa prognoza p50 jest wyższa od ostatniego punktu szeregu.",
            "severity": "good",
            "title": "Prognoza sygnalizuje wzrost",
          },
          {
            "code": "INSIGHT_TOP_VIDEO_PEAK",
            "description": "Najmocniejszy film osiągnął 23 093 wyświetleń.",
            "severity": "good",
            "title": "Mocny wynik top filmu",
          },
        ],
        "kpis": {
          "avgViewsPerVideo": 17654.875,
          "engagementRate": 0.06349521024646167,
          "subscribers": 13717,
          "subscribersDelta": 452,
          "videos": 8,
          "videosDelta": 2,
          "views": 141239,
          "viewsDelta": 11951,
        },
        "range": {
          "dateFrom": "2025-09-30",
          "dateTo": "2025-10-29",
          "days": 30,
        },
        "timeseries": {
          "granularity": "day",
          "metric": "views",
          "points": [
            {
              "date": "2025-09-30",
              "value": 3979,
            },
            {
              "date": "2025-10-01",
              "value": 4003,
            },
            {
              "date": "2025-10-02",
              "value": 4345,
            },
            {
              "date": "2025-10-03",
              "value": 5078,
            },
            {
              "date": "2025-10-04",
              "value": 5102,
            },
            {
              "date": "2025-10-05",
              "value": 4730,
            },
            {
              "date": "2025-10-06",
              "value": 4182,
            },
            {
              "date": "2025-10-07",
              "value": 4201,
            },
            {
              "date": "2025-10-08",
              "value": 4225,
            },
            {
              "date": "2025-10-09",
              "value": 4567,
            },
            {
              "date": "2025-10-10",
              "value": 4909,
            },
            {
              "date": "2025-10-11",
              "value": 5324,
            },
            {
              "date": "2025-10-12",
              "value": 4952,
            },
            {
              "date": "2025-10-13",
              "value": 4404,
            },
            {
              "date": "2025-10-14",
              "value": 4032,
            },
            {
              "date": "2025-10-15",
              "value": 4447,
            },
            {
              "date": "2025-10-16",
              "value": 4789,
            },
            {
              "date": "2025-10-17",
              "value": 5131,
            },
            {
              "date": "2025-10-18",
              "value": 5155,
            },
            {
              "date": "2025-10-19",
              "value": 5174,
            },
            {
              "date": "2025-10-20",
              "value": 4626,
            },
            {
              "date": "2025-10-21",
              "value": 4254,
            },
            {
              "date": "2025-10-22",
              "value": 4669,
            },
            {
              "date": "2025-10-23",
              "value": 5011,
            },
            {
              "date": "2025-10-24",
              "value": 5353,
            },
            {
              "date": "2025-10-25",
              "value": 5377,
            },
            {
              "date": "2025-10-26",
              "value": 5396,
            },
            {
              "date": "2025-10-27",
              "value": 4848,
            },
            {
              "date": "2025-10-28",
              "value": 4476,
            },
            {
              "date": "2025-10-29",
              "value": 4500,
            },
          ],
        },
        "topVideos": [
          {
            "commentCount": 276,
            "likeCount": 2078,
            "publishedAt": "2025-10-22T18:00:00.000Z",
            "title": "Kanał Strategia - materiał 8 (analityka)",
            "videoId": "UC-GOLD-PL-001-VID-008",
            "viewCount": 23093,
          },
          {
            "commentCount": 271,
            "likeCount": 2030,
            "publishedAt": "2025-10-07T18:00:00.000Z",
            "title": "Kanał Strategia - materiał 7 (analityka)",
            "videoId": "UC-GOLD-PL-001-VID-007",
            "viewCount": 22556,
          },
          {
            "commentCount": 265,
            "likeCount": 1981,
            "publishedAt": "2025-09-23T18:00:00.000Z",
            "title": "Kanał Strategia - materiał 6 (analityka)",
            "videoId": "UC-GOLD-PL-001-VID-006",
            "viewCount": 22018,
          },
          {
            "commentCount": 257,
            "likeCount": 1933,
            "publishedAt": "2025-09-11T18:00:00.000Z",
            "title": "Kanał Strategia - materiał 5 (analityka)",
            "videoId": "UC-GOLD-PL-001-VID-005",
            "viewCount": 21480,
          },
          {
            "commentCount": 251,
            "likeCount": 1885,
            "publishedAt": "2025-08-30T18:00:00.000Z",
            "title": "Kanał Strategia - materiał 4 (analityka)",
            "videoId": "UC-GOLD-PL-001-VID-004",
            "viewCount": 20942,
          },
          {
            "commentCount": 245,
            "likeCount": 1835,
            "publishedAt": "2025-08-18T18:00:00.000Z",
            "title": "Kanał Strategia - materiał 3 (analityka)",
            "videoId": "UC-GOLD-PL-001-VID-003",
            "viewCount": 20402,
          },
          {
            "commentCount": 238,
            "likeCount": 1788,
            "publishedAt": "2025-08-09T18:00:00.000Z",
            "title": "Kanał Strategia - materiał 2 (analityka)",
            "videoId": "UC-GOLD-PL-001-VID-002",
            "viewCount": 19865,
          },
          {
            "commentCount": 232,
            "likeCount": 1739,
            "publishedAt": "2025-08-01T18:00:00.000Z",
            "title": "Kanał Strategia - materiał 1 (analityka)",
            "videoId": "UC-GOLD-PL-001-VID-001",
            "viewCount": 19327,
          },
        ],
      },
    },
  },
  {
    "query": "report.generate.channel2.last30.subscribers",
    "result": {
      "ok": true,
      "value": {
        "channel": {
          "channelId": "UC-GOLD-PL-002",
          "name": "Kanał Shorts Lab",
        },
        "forecast": {
          "channelId": "UC-GOLD-PL-002",
          "modelType": "holt-winters",
          "points": [
            {
              "date": "2025-10-30",
              "horizonDays": 1,
              "p10": 9621.880199,
              "p50": 9624.740175,
              "p90": 9627.600151,
              "predicted": 9624.740175,
            },
            {
              "date": "2025-10-31",
              "horizonDays": 2,
              "p10": 9624.517244,
              "p50": 9628.561861,
              "p90": 9632.606478,
              "predicted": 9628.561861,
            },
            {
              "date": "2025-11-01",
              "horizonDays": 3,
              "p10": 9627.429923,
              "p50": 9632.383547,
              "p90": 9637.337171,
              "predicted": 9632.383547,
            },
            {
              "date": "2025-11-02",
              "horizonDays": 4,
              "p10": 9630.485281,
              "p50": 9636.205233,
              "p90": 9641.925186,
              "predicted": 9636.205233,
            },
            {
              "date": "2025-11-03",
              "horizonDays": 5,
              "p10": 9633.631818,
              "p50": 9640.026919,
              "p90": 9646.42202,
              "predicted": 9640.026919,
            },
            {
              "date": "2025-11-04",
              "horizonDays": 6,
              "p10": 9636.843123,
              "p50": 9643.848605,
              "p90": 9650.854088,
              "predicted": 9643.848605,
            },
            {
              "date": "2025-11-05",
              "horizonDays": 7,
              "p10": 9640.103506,
              "p50": 9647.670291,
              "p90": 9655.237077,
              "predicted": 9647.670291,
            },
            {
              "date": "2025-11-06",
              "horizonDays": 8,
              "p10": 9643.402743,
              "p50": 9651.491978,
              "p90": 9659.581212,
              "predicted": 9651.491978,
            },
            {
              "date": "2025-11-07",
              "horizonDays": 9,
              "p10": 9646.733735,
              "p50": 9655.313664,
              "p90": 9663.893592,
              "predicted": 9655.313664,
            },
            {
              "date": "2025-11-08",
              "horizonDays": 10,
              "p10": 9650.091311,
              "p50": 9659.13535,
              "p90": 9668.179389,
              "predicted": 9659.13535,
            },
            {
              "date": "2025-11-09",
              "horizonDays": 11,
              "p10": 9653.471568,
              "p50": 9662.957036,
              "p90": 9672.442504,
              "predicted": 9662.957036,
            },
            {
              "date": "2025-11-10",
              "horizonDays": 12,
              "p10": 9656.871474,
              "p50": 9666.778722,
              "p90": 9676.68597,
              "predicted": 9666.778722,
            },
            {
              "date": "2025-11-11",
              "horizonDays": 13,
              "p10": 9660.288617,
              "p50": 9670.600408,
              "p90": 9680.912199,
              "predicted": 9670.600408,
            },
            {
              "date": "2025-11-12",
              "horizonDays": 14,
              "p10": 9663.721043,
              "p50": 9674.422094,
              "p90": 9685.123145,
              "predicted": 9674.422094,
            },
          ],
          "targetMetric": "subscribers",
          "trainedAt": "2026-01-15T10:00:00.000Z",
        },
        "generatedAt": "2026-01-16T09:30:00.000Z",
        "insights": [
          {
            "code": "INSIGHT_VIEWS_NEGATIVE",
            "description": "W badanym zakresie wyświetlenia spadły o 9624.",
            "severity": "warning",
            "title": "Wyświetlenia spadają",
          },
          {
            "code": "INSIGHT_SUBSCRIBERS_UP",
            "description": "Kanał zyskał 124 subskrybentów.",
            "severity": "good",
            "title": "Przyrost subskrybentów",
          },
          {
            "code": "INSIGHT_FORECAST_FLAT",
            "description": "Najbliższa prognoza p50 pozostaje blisko bieżącego poziomu.",
            "severity": "neutral",
            "title": "Prognoza stabilna",
          },
          {
            "code": "INSIGHT_TOP_VIDEO_PEAK",
            "description": "Najmocniejszy film osiągnął 20 364 wyświetleń.",
            "severity": "good",
            "title": "Mocny wynik top filmu",
          },
        ],
        "kpis": {
          "avgViewsPerVideo": 8740,
          "engagementRate": 0.06600196142530239,
          "subscribers": 9620,
          "subscribersDelta": 124,
          "videos": 7,
          "videosDelta": 2,
          "views": 61180,
          "viewsDelta": -9624,
        },
        "range": {
          "dateFrom": "2025-09-30",
          "dateTo": "2025-10-29",
          "days": 30,
        },
        "timeseries": {
          "granularity": "day",
          "metric": "subscribers",
          "points": [
            {
              "date": "2025-09-30",
              "value": 9498,
            },
            {
              "date": "2025-10-01",
              "value": 9503,
            },
            {
              "date": "2025-10-02",
              "value": 9509,
            },
            {
              "date": "2025-10-03",
              "value": 9515,
            },
            {
              "date": "2025-10-04",
              "value": 9519,
            },
            {
              "date": "2025-10-05",
              "value": 9523,
            },
            {
              "date": "2025-10-06",
              "value": 9526,
            },
            {
              "date": "2025-10-07",
              "value": 9529,
            },
            {
              "date": "2025-10-08",
              "value": 9531,
            },
            {
              "date": "2025-10-09",
              "value": 9537,
            },
            {
              "date": "2025-10-10",
              "value": 9543,
            },
            {
              "date": "2025-10-11",
              "value": 9548,
            },
            {
              "date": "2025-10-12",
              "value": 9552,
            },
            {
              "date": "2025-10-13",
              "value": 9555,
            },
            {
              "date": "2025-10-14",
              "value": 9558,
            },
            {
              "date": "2025-10-15",
              "value": 9562,
            },
            {
              "date": "2025-10-16",
              "value": 9568,
            },
            {
              "date": "2025-10-17",
              "value": 9574,
            },
            {
              "date": "2025-10-18",
              "value": 9579,
            },
            {
              "date": "2025-10-19",
              "value": 9582,
            },
            {
              "date": "2025-10-20",
              "value": 9585,
            },
            {
              "date": "2025-10-21",
              "value": 9588,
            },
            {
              "date": "2025-10-22",
              "value": 9592,
            },
            {
              "date": "2025-10-23",
              "value": 9597,
            },
            {
              "date": "2025-10-24",
              "value": 9603,
            },
            {
              "date": "2025-10-25",
              "value": 9608,
            },
            {
              "date": "2025-10-26",
              "value": 9611,
            },
            {
              "date": "2025-10-27",
              "value": 9613,
            },
            {
              "date": "2025-10-28",
              "value": 9616,
            },
            {
              "date": "2025-10-29",
              "value": 9620,
            },
          ],
        },
        "topVideos": [
          {
            "commentCount": 245,
            "likeCount": 1833,
            "publishedAt": "2025-10-18T18:00:00.000Z",
            "title": "Kanał Shorts Lab - materiał 7 (shorts)",
            "videoId": "UC-GOLD-PL-002-VID-007",
            "viewCount": 20364,
          },
          {
            "commentCount": 238,
            "likeCount": 1784,
            "publishedAt": "2025-10-03T18:00:00.000Z",
            "title": "Kanał Shorts Lab - materiał 6 (shorts)",
            "videoId": "UC-GOLD-PL-002-VID-006",
            "viewCount": 19826,
          },
          {
            "commentCount": 232,
            "likeCount": 1737,
            "publishedAt": "2025-09-19T18:00:00.000Z",
            "title": "Kanał Shorts Lab - materiał 5 (shorts)",
            "videoId": "UC-GOLD-PL-002-VID-005",
            "viewCount": 19288,
          },
          {
            "commentCount": 219,
            "likeCount": 1640,
            "publishedAt": "2025-08-26T18:00:00.000Z",
            "title": "Kanał Shorts Lab - materiał 3 (shorts)",
            "videoId": "UC-GOLD-PL-002-VID-003",
            "viewCount": 18212,
          },
          {
            "commentCount": 213,
            "likeCount": 1592,
            "publishedAt": "2025-08-15T18:00:00.000Z",
            "title": "Kanał Shorts Lab - materiał 2 (shorts)",
            "videoId": "UC-GOLD-PL-002-VID-002",
            "viewCount": 17674,
          },
          {
            "commentCount": 207,
            "likeCount": 1559,
            "publishedAt": "2025-09-06T18:00:00.000Z",
            "title": "Kanał Shorts Lab - materiał 4 (shorts)",
            "videoId": "UC-GOLD-PL-002-VID-004",
            "viewCount": 17318,
          },
          {
            "commentCount": 206,
            "likeCount": 1543,
            "publishedAt": "2025-08-03T18:00:00.000Z",
            "title": "Kanał Shorts Lab - materiał 1 (shorts)",
            "videoId": "UC-GOLD-PL-002-VID-001",
            "viewCount": 17137,
          },
        ],
      },
    },
  },
  {
    "query": "ml.forecast.channel1.views",
    "result": {
      "ok": true,
      "value": {
        "channelId": "UC-GOLD-PL-001",
        "modelType": "linear-regression",
        "points": [
          {
            "date": "2025-10-30",
            "horizonDays": 1,
            "p10": 3237.714637,
            "p50": 5010.832709,
            "p90": 6783.950781,
            "predicted": 5010.832709,
          },
          {
            "date": "2025-10-31",
            "horizonDays": 2,
            "p10": 2522.088758,
            "p50": 5029.656383,
            "p90": 7537.224008,
            "predicted": 5029.656383,
          },
          {
            "date": "2025-11-01",
            "horizonDays": 3,
            "p10": 1977.349469,
            "p50": 5048.480057,
            "p90": 8119.610645,
            "predicted": 5048.480057,
          },
          {
            "date": "2025-11-02",
            "horizonDays": 4,
            "p10": 1521.067587,
            "p50": 5067.30373,
            "p90": 8613.539874,
            "predicted": 5067.30373,
          },
          {
            "date": "2025-11-03",
            "horizonDays": 5,
            "p10": 1121.314863,
            "p50": 5086.127404,
            "p90": 9050.939944,
            "predicted": 5086.127404,
          },
          {
            "date": "2025-11-04",
            "horizonDays": 6,
            "p10": 761.716548,
            "p50": 5104.951078,
            "p90": 9448.185607,
            "predicted": 5104.951078,
          },
          {
            "date": "2025-11-05",
            "horizonDays": 7,
            "p10": 432.545288,
            "p50": 5123.774751,
            "p90": 9815.004214,
            "predicted": 5123.774751,
          },
          {
            "date": "2025-11-06",
            "horizonDays": 8,
            "p10": 127.463176,
            "p50": 5142.598425,
            "p90": 10157.733674,
            "predicted": 5142.598425,
          },
          {
            "date": "2025-11-07",
            "horizonDays": 9,
            "p10": 0,
            "p50": 5161.422099,
            "p90": 10480.776314,
            "predicted": 5161.422099,
          },
          {
            "date": "2025-11-08",
            "horizonDays": 10,
            "p10": 0,
            "p50": 5180.245772,
            "p90": 10787.337439,
            "predicted": 5180.245772,
          },
          {
            "date": "2025-11-09",
            "horizonDays": 11,
            "p10": 0,
            "p50": 5199.069446,
            "p90": 11079.836799,
            "predicted": 5199.069446,
          },
          {
            "date": "2025-11-10",
            "horizonDays": 12,
            "p10": 0,
            "p50": 5217.89312,
            "p90": 11360.154296,
            "predicted": 5217.89312,
          },
          {
            "date": "2025-11-11",
            "horizonDays": 13,
            "p10": 0,
            "p50": 5236.716794,
            "p90": 11629.784919,
            "predicted": 5236.716794,
          },
          {
            "date": "2025-11-12",
            "horizonDays": 14,
            "p10": 0,
            "p50": 5255.540467,
            "p90": 11889.940798,
            "predicted": 5255.540467,
          },
        ],
        "targetMetric": "views",
        "trainedAt": "2026-01-15T10:00:00.000Z",
      },
    },
  },
  {
    "query": "ml.forecast.channel2.subscribers",
    "result": {
      "ok": true,
      "value": {
        "channelId": "UC-GOLD-PL-002",
        "modelType": "holt-winters",
        "points": [
          {
            "date": "2025-10-30",
            "horizonDays": 1,
            "p10": 9621.880199,
            "p50": 9624.740175,
            "p90": 9627.600151,
            "predicted": 9624.740175,
          },
          {
            "date": "2025-10-31",
            "horizonDays": 2,
            "p10": 9624.517244,
            "p50": 9628.561861,
            "p90": 9632.606478,
            "predicted": 9628.561861,
          },
          {
            "date": "2025-11-01",
            "horizonDays": 3,
            "p10": 9627.429923,
            "p50": 9632.383547,
            "p90": 9637.337171,
            "predicted": 9632.383547,
          },
          {
            "date": "2025-11-02",
            "horizonDays": 4,
            "p10": 9630.485281,
            "p50": 9636.205233,
            "p90": 9641.925186,
            "predicted": 9636.205233,
          },
          {
            "date": "2025-11-03",
            "horizonDays": 5,
            "p10": 9633.631818,
            "p50": 9640.026919,
            "p90": 9646.42202,
            "predicted": 9640.026919,
          },
          {
            "date": "2025-11-04",
            "horizonDays": 6,
            "p10": 9636.843123,
            "p50": 9643.848605,
            "p90": 9650.854088,
            "predicted": 9643.848605,
          },
          {
            "date": "2025-11-05",
            "horizonDays": 7,
            "p10": 9640.103506,
            "p50": 9647.670291,
            "p90": 9655.237077,
            "predicted": 9647.670291,
          },
          {
            "date": "2025-11-06",
            "horizonDays": 8,
            "p10": 9643.402743,
            "p50": 9651.491978,
            "p90": 9659.581212,
            "predicted": 9651.491978,
          },
          {
            "date": "2025-11-07",
            "horizonDays": 9,
            "p10": 9646.733735,
            "p50": 9655.313664,
            "p90": 9663.893592,
            "predicted": 9655.313664,
          },
          {
            "date": "2025-11-08",
            "horizonDays": 10,
            "p10": 9650.091311,
            "p50": 9659.13535,
            "p90": 9668.179389,
            "predicted": 9659.13535,
          },
          {
            "date": "2025-11-09",
            "horizonDays": 11,
            "p10": 9653.471568,
            "p50": 9662.957036,
            "p90": 9672.442504,
            "predicted": 9662.957036,
          },
          {
            "date": "2025-11-10",
            "horizonDays": 12,
            "p10": 9656.871474,
            "p50": 9666.778722,
            "p90": 9676.68597,
            "predicted": 9666.778722,
          },
          {
            "date": "2025-11-11",
            "horizonDays": 13,
            "p10": 9660.288617,
            "p50": 9670.600408,
            "p90": 9680.912199,
            "predicted": 9670.600408,
          },
          {
            "date": "2025-11-12",
            "horizonDays": 14,
            "p10": 9663.721043,
            "p50": 9674.422094,
            "p90": 9685.123145,
            "predicted": 9674.422094,
          },
        ],
        "targetMetric": "subscribers",
        "trainedAt": "2026-01-15T10:00:00.000Z",
      },
    },
  },
  {
    "query": "ml.anomalies.channel1.views.full",
    "result": {
      "ok": true,
      "value": {
        "channelId": "UC-GOLD-PL-001",
        "dateFrom": "2025-08-01",
        "dateTo": "2025-10-29",
        "items": [
          {
            "baseline": 4227.142857142857,
            "channelId": "UC-GOLD-PL-001",
            "confidence": "medium",
            "date": "2025-09-27",
            "detectedAt": "2026-01-15T10:00:00.000Z",
            "deviationRatio": -0.515039,
            "explanation": "Wyswietlenia spadly o 51,5% wzgledem 7-dniowej sredniej (4227).",
            "id": 4,
            "method": "zscore",
            "severity": "critical",
            "targetMetric": "views",
            "value": 2050,
            "zScore": -5.689169,
          },
          {
            "baseline": 3689.4285714285716,
            "channelId": "UC-GOLD-PL-001",
            "confidence": "high",
            "date": "2025-09-03",
            "detectedAt": "2026-01-15T10:00:00.000Z",
            "deviationRatio": 2.610857,
            "explanation": "Wyswietlenia wzrosly o 261,1% wzgledem 7-dniowej sredniej (3689).",
            "id": 3,
            "method": "consensus",
            "severity": "critical",
            "targetMetric": "views",
            "value": 13322,
            "zScore": 22.888089,
          },
          {
            "baseline": 3361.5,
            "channelId": "UC-GOLD-PL-001",
            "confidence": "low",
            "date": "2025-08-05",
            "detectedAt": "2026-01-15T10:00:00.000Z",
            "deviationRatio": -0.228321,
            "explanation": "Wyswietlenia spadly o 22,8% wzgledem 7-dniowej sredniej (3362).",
            "id": 2,
            "method": "zscore",
            "severity": "medium",
            "targetMetric": "views",
            "value": 2594,
            "zScore": -3.353727,
          },
          {
            "baseline": 3493.3333333333335,
            "channelId": "UC-GOLD-PL-001",
            "confidence": "medium",
            "date": "2025-08-04",
            "detectedAt": "2026-01-15T10:00:00.000Z",
            "deviationRatio": -0.150954,
            "explanation": "Wyswietlenia spadly o 15,1% wzgledem 7-dniowej sredniej (3493).",
            "id": 1,
            "method": "zscore",
            "severity": "critical",
            "targetMetric": "views",
            "value": 2966,
            "zScore": -29.972014,
          },
        ],
        "targetMetric": "views",
        "total": 4,
      },
    },
  },
  {
    "query": "ml.anomalies.channel2.views.full.high_critical",
    "result": {
      "ok": true,
      "value": {
        "channelId": "UC-GOLD-PL-002",
        "dateFrom": "2025-08-01",
        "dateTo": "2025-10-29",
        "items": [
          {
            "baseline": 2286.285714285714,
            "channelId": "UC-GOLD-PL-002",
            "confidence": "high",
            "date": "2025-09-15",
            "detectedAt": "2026-01-15T10:00:00.000Z",
            "deviationRatio": 1.412647,
            "explanation": "Wyswietlenia wzrosly o 141,3% wzgledem 7-dniowej sredniej (2286).",
            "id": 9,
            "method": "consensus",
            "severity": "critical",
            "targetMetric": "views",
            "value": 5516,
            "zScore": 6.261708,
          },
        ],
        "targetMetric": "views",
        "total": 1,
      },
    },
  },
  {
    "query": "ml.trend.channel1.views.full",
    "result": {
      "ok": true,
      "value": {
        "changePoints": [
          {
            "date": "2025-08-30",
            "direction": "up",
            "magnitude": 857.762145,
            "score": 1.139328,
          },
          {
            "date": "2025-09-03",
            "direction": "up",
            "magnitude": 9510.244902,
            "score": 4.914471,
          },
        ],
        "channelId": "UC-GOLD-PL-001",
        "dateFrom": "2025-08-01",
        "dateTo": "2025-10-29",
        "points": [
          {
            "date": "2025-08-01",
            "isChangePoint": false,
            "residual": 8.972363,
            "seasonal": 337.67359,
            "trend": 3124.354046,
            "value": 3471,
          },
          {
            "date": "2025-08-02",
            "isChangePoint": false,
            "residual": 137.832498,
            "seasonal": 215.079505,
            "trend": 3142.087997,
            "value": 3495,
          },
          {
            "date": "2025-08-03",
            "isChangePoint": false,
            "residual": 191.950428,
            "seasonal": 161.530641,
            "trend": 3160.518931,
            "value": 3514,
          },
          {
            "date": "2025-08-04",
            "isChangePoint": false,
            "residual": 71.540635,
            "seasonal": -285.134041,
            "trend": 3179.593406,
            "value": 2966,
          },
          {
            "date": "2025-08-05",
            "isChangePoint": false,
            "residual": 11.317954,
            "seasonal": -616.433031,
            "trend": 3199.115078,
            "value": 2594,
          },
          {
            "date": "2025-08-06",
            "isChangePoint": false,
            "residual": -864.924572,
            "seasonal": 264.146011,
            "trend": 3218.778561,
            "value": 2618,
          },
          {
            "date": "2025-08-07",
            "isChangePoint": false,
            "residual": 189.582554,
            "seasonal": -76.862675,
            "trend": 3238.280121,
            "value": 3351,
          },
          {
            "date": "2025-08-08",
            "isChangePoint": false,
            "residual": 97.67418,
            "seasonal": 337.67359,
            "trend": 3257.65223,
            "value": 3693,
          },
          {
            "date": "2025-08-09",
            "isChangePoint": false,
            "residual": 224.881916,
            "seasonal": 215.079505,
            "trend": 3277.038579,
            "value": 3717,
          },
          {
            "date": "2025-08-10",
            "isChangePoint": false,
            "residual": -113.199578,
            "seasonal": 161.530641,
            "trend": 3296.668938,
            "value": 3345,
          },
          {
            "date": "2025-08-11",
            "isChangePoint": false,
            "residual": 155.93278,
            "seasonal": -285.134041,
            "trend": 3317.201261,
            "value": 3188,
          },
          {
            "date": "2025-08-12",
            "isChangePoint": false,
            "residual": 90.447521,
            "seasonal": -616.433031,
            "trend": 3341.98551,
            "value": 2816,
          },
          {
            "date": "2025-08-13",
            "isChangePoint": false,
            "residual": -791.206312,
            "seasonal": 264.146011,
            "trend": 3367.060301,
            "value": 2840,
          },
          {
            "date": "2025-08-14",
            "isChangePoint": false,
            "residual": 257.014,
            "seasonal": -76.862675,
            "trend": 3392.848675,
            "value": 3573,
          },
          {
            "date": "2025-08-15",
            "isChangePoint": false,
            "residual": 158.718017,
            "seasonal": 337.67359,
            "trend": 3418.608392,
            "value": 3915,
          },
          {
            "date": "2025-08-16",
            "isChangePoint": false,
            "residual": 280.755508,
            "seasonal": 215.079505,
            "trend": 3443.164987,
            "value": 3939,
          },
          {
            "date": "2025-08-17",
            "isChangePoint": false,
            "residual": -61.464043,
            "seasonal": 161.530641,
            "trend": 3466.933402,
            "value": 3567,
          },
          {
            "date": "2025-08-18",
            "isChangePoint": false,
            "residual": 204.781544,
            "seasonal": -285.134041,
            "trend": 3490.352497,
            "value": 3410,
          },
          {
            "date": "2025-08-19",
            "isChangePoint": false,
            "residual": 141.987413,
            "seasonal": -616.433031,
            "trend": 3512.445618,
            "value": 3038,
          },
          {
            "date": "2025-08-20",
            "isChangePoint": false,
            "residual": -734.392915,
            "seasonal": 264.146011,
            "trend": 3532.246904,
            "value": 3062,
          },
          {
            "date": "2025-08-21",
            "isChangePoint": false,
            "residual": -69.615709,
            "seasonal": -76.862675,
            "trend": 3550.478384,
            "value": 3404,
          },
          {
            "date": "2025-08-22",
            "isChangePoint": false,
            "residual": 230.816174,
            "seasonal": 337.67359,
            "trend": 3568.510235,
            "value": 4137,
          },
          {
            "date": "2025-08-23",
            "isChangePoint": false,
            "residual": 359.620298,
            "seasonal": 215.079505,
            "trend": 3586.300197,
            "value": 4161,
          },
          {
            "date": "2025-08-24",
            "isChangePoint": false,
            "residual": 11.902536,
            "seasonal": 161.530641,
            "trend": 3615.566824,
            "value": 3789,
          },
          {
            "date": "2025-08-25",
            "isChangePoint": false,
            "residual": -166.703029,
            "seasonal": -285.134041,
            "trend": 3692.83707,
            "value": 3241,
          },
          {
            "date": "2025-08-26",
            "isChangePoint": false,
            "residual": 57.271488,
            "seasonal": -616.433031,
            "trend": 3819.161543,
            "value": 3260,
          },
          {
            "date": "2025-08-27",
            "isChangePoint": false,
            "residual": -953.356602,
            "seasonal": 264.146011,
            "trend": 3973.210591,
            "value": 3284,
          },
          {
            "date": "2025-08-28",
            "isChangePoint": false,
            "residual": -428.018801,
            "seasonal": -76.862675,
            "trend": 4130.881476,
            "value": 3626,
          },
          {
            "date": "2025-08-29",
            "isChangePoint": false,
            "residual": -642.97475,
            "seasonal": 337.67359,
            "trend": 4273.301159,
            "value": 3968,
          },
          {
            "date": "2025-08-30",
            "isChangePoint": true,
            "residual": -220.334856,
            "seasonal": 215.079505,
            "trend": 4388.255351,
            "value": 4383,
          },
          {
            "date": "2025-08-31",
            "isChangePoint": false,
            "residual": -622.5484,
            "seasonal": 161.530641,
            "trend": 4472.017759,
            "value": 4011,
          },
          {
            "date": "2025-09-01",
            "isChangePoint": false,
            "residual": -780.592614,
            "seasonal": -285.134041,
            "trend": 4528.726655,
            "value": 3463,
          },
          {
            "date": "2025-09-02",
            "isChangePoint": false,
            "residual": -859.117406,
            "seasonal": -616.433031,
            "trend": 4566.550437,
            "value": 3091,
          },
          {
            "date": "2025-09-03",
            "isChangePoint": true,
            "residual": 8463.710604,
            "seasonal": 264.146011,
            "trend": 4594.143385,
            "value": 13322,
          },
          {
            "date": "2025-09-04",
            "isChangePoint": false,
            "residual": -692.550927,
            "seasonal": -76.862675,
            "trend": 4617.413602,
            "value": 3848,
          },
          {
            "date": "2025-09-05",
            "isChangePoint": false,
            "residual": -778.049817,
            "seasonal": 337.67359,
            "trend": 4630.376227,
            "value": 4190,
          },
          {
            "date": "2025-09-06",
            "isChangePoint": false,
            "residual": -234.112262,
            "seasonal": 215.079505,
            "trend": 4624.032757,
            "value": 4605,
          },
          {
            "date": "2025-09-07",
            "isChangePoint": false,
            "residual": -518.331082,
            "seasonal": 161.530641,
            "trend": 4589.800441,
            "value": 4233,
          },
          {
            "date": "2025-09-08",
            "isChangePoint": false,
            "residual": -552.687898,
            "seasonal": -285.134041,
            "trend": 4522.821939,
            "value": 3685,
          },
          {
            "date": "2025-09-09",
            "isChangePoint": false,
            "residual": -496.828802,
            "seasonal": -616.433031,
            "trend": 4426.261833,
            "value": 3313,
          },
          {
            "date": "2025-09-10",
            "isChangePoint": false,
            "residual": -847.936881,
            "seasonal": 264.146011,
            "trend": 4311.79087,
            "value": 3728,
          },
          {
            "date": "2025-09-11",
            "isChangePoint": false,
            "residual": -51.25185,
            "seasonal": -76.862675,
            "trend": 4198.114525,
            "value": 4070,
          },
          {
            "date": "2025-09-12",
            "isChangePoint": false,
            "residual": -35.248678,
            "seasonal": 337.67359,
            "trend": 4109.575087,
            "value": 4412,
          },
          {
            "date": "2025-09-13",
            "isChangePoint": false,
            "residual": 152.573755,
            "seasonal": 215.079505,
            "trend": 4068.34674,
            "value": 4436,
          },
          {
            "date": "2025-09-14",
            "isChangePoint": false,
            "residual": 218.949079,
            "seasonal": 161.530641,
            "trend": 4074.52028,
            "value": 4455,
          },
          {
            "date": "2025-09-15",
            "isChangePoint": false,
            "residual": 99.834252,
            "seasonal": -285.134041,
            "trend": 4092.299789,
            "value": 3907,
          },
          {
            "date": "2025-09-16",
            "isChangePoint": false,
            "residual": 41.749749,
            "seasonal": -616.433031,
            "trend": 4109.683282,
            "value": 3535,
          },
          {
            "date": "2025-09-17",
            "isChangePoint": false,
            "residual": -829.236698,
            "seasonal": 264.146011,
            "trend": 4124.090687,
            "value": 3559,
          },
          {
            "date": "2025-09-18",
            "isChangePoint": false,
            "residual": 243.93213,
            "seasonal": -76.862675,
            "trend": 4124.930546,
            "value": 4292,
          },
          {
            "date": "2025-09-19",
            "isChangePoint": false,
            "residual": 184.351166,
            "seasonal": 337.67359,
            "trend": 4111.975244,
            "value": 4634,
          },
          {
            "date": "2025-09-20",
            "isChangePoint": false,
            "residual": 350.318115,
            "seasonal": 215.079505,
            "trend": 4092.60238,
            "value": 4658,
          },
          {
            "date": "2025-09-21",
            "isChangePoint": false,
            "residual": 49.518991,
            "seasonal": 161.530641,
            "trend": 4074.950369,
            "value": 4286,
          },
          {
            "date": "2025-09-22",
            "isChangePoint": false,
            "residual": 350.449278,
            "seasonal": -285.134041,
            "trend": 4063.684763,
            "value": 4129,
          },
          {
            "date": "2025-09-23",
            "isChangePoint": false,
            "residual": 312.38971,
            "seasonal": -616.433031,
            "trend": 4061.043322,
            "value": 3757,
          },
          {
            "date": "2025-09-24",
            "isChangePoint": false,
            "residual": -551.486187,
            "seasonal": 264.146011,
            "trend": 4068.340177,
            "value": 3781,
          },
          {
            "date": "2025-09-25",
            "isChangePoint": false,
            "residual": 115.075985,
            "seasonal": -76.862675,
            "trend": 4084.78669,
            "value": 4123,
          },
          {
            "date": "2025-09-26",
            "isChangePoint": false,
            "residual": 411.194973,
            "seasonal": 337.67359,
            "trend": 4107.131437,
            "value": 4856,
          },
          {
            "date": "2025-09-27",
            "isChangePoint": false,
            "residual": -2296.748175,
            "seasonal": 215.079505,
            "trend": 4131.66867,
            "value": 2050,
          },
          {
            "date": "2025-09-28",
            "isChangePoint": false,
            "residual": 189.250396,
            "seasonal": 161.530641,
            "trend": 4157.218963,
            "value": 4508,
          },
          {
            "date": "2025-09-29",
            "isChangePoint": false,
            "residual": 449.622093,
            "seasonal": -285.134041,
            "trend": 4186.511948,
            "value": 4351,
          },
          {
            "date": "2025-09-30",
            "isChangePoint": false,
            "residual": 373.909591,
            "seasonal": -616.433031,
            "trend": 4221.52344,
            "value": 3979,
          },
          {
            "date": "2025-10-01",
            "isChangePoint": false,
            "residual": -524.55942,
            "seasonal": 264.146011,
            "trend": 4263.413409,
            "value": 4003,
          },
          {
            "date": "2025-10-02",
            "isChangePoint": false,
            "residual": 108.336344,
            "seasonal": -76.862675,
            "trend": 4313.526331,
            "value": 4345,
          },
          {
            "date": "2025-10-03",
            "isChangePoint": false,
            "residual": 368.676213,
            "seasonal": 337.67359,
            "trend": 4371.650196,
            "value": 5078,
          },
          {
            "date": "2025-10-04",
            "isChangePoint": false,
            "residual": 453.397898,
            "seasonal": 215.079505,
            "trend": 4433.522597,
            "value": 5102,
          },
          {
            "date": "2025-10-05",
            "isChangePoint": false,
            "residual": 76.033385,
            "seasonal": 161.530641,
            "trend": 4492.435974,
            "value": 4730,
          },
          {
            "date": "2025-10-06",
            "isChangePoint": false,
            "residual": -74.781181,
            "seasonal": -285.134041,
            "trend": 4541.915222,
            "value": 4182,
          },
          {
            "date": "2025-10-07",
            "isChangePoint": false,
            "residual": 240.355394,
            "seasonal": -616.433031,
            "trend": 4577.077637,
            "value": 4201,
          },
          {
            "date": "2025-10-08",
            "isChangePoint": false,
            "residual": -637.469799,
            "seasonal": 264.146011,
            "trend": 4598.323788,
            "value": 4225,
          },
          {
            "date": "2025-10-09",
            "isChangePoint": false,
            "residual": 28.175018,
            "seasonal": -76.862675,
            "trend": 4615.687657,
            "value": 4567,
          },
          {
            "date": "2025-10-10",
            "isChangePoint": false,
            "residual": -62.160825,
            "seasonal": 337.67359,
            "trend": 4633.487235,
            "value": 4909,
          },
          {
            "date": "2025-10-11",
            "isChangePoint": false,
            "residual": 457.411026,
            "seasonal": 215.079505,
            "trend": 4651.509469,
            "value": 5324,
          },
          {
            "date": "2025-10-12",
            "isChangePoint": false,
            "residual": 120.685922,
            "seasonal": 161.530641,
            "trend": 4669.783437,
            "value": 4952,
          },
          {
            "date": "2025-10-13",
            "isChangePoint": false,
            "residual": -0.403412,
            "seasonal": -285.134041,
            "trend": 4689.537453,
            "value": 4404,
          },
          {
            "date": "2025-10-14",
            "isChangePoint": false,
            "residual": -63.197543,
            "seasonal": -616.433031,
            "trend": 4711.630574,
            "value": 4032,
          },
          {
            "date": "2025-10-15",
            "isChangePoint": false,
            "residual": -552.242949,
            "seasonal": 264.146011,
            "trend": 4735.096938,
            "value": 4447,
          },
          {
            "date": "2025-10-16",
            "isChangePoint": false,
            "residual": 107.039809,
            "seasonal": -76.862675,
            "trend": 4758.822866,
            "value": 4789,
          },
          {
            "date": "2025-10-17",
            "isChangePoint": false,
            "residual": 9.937332,
            "seasonal": 337.67359,
            "trend": 4783.389078,
            "value": 5131,
          },
          {
            "date": "2025-10-18",
            "isChangePoint": false,
            "residual": 130.781317,
            "seasonal": 215.079505,
            "trend": 4809.139178,
            "value": 5155,
          },
          {
            "date": "2025-10-19",
            "isChangePoint": false,
            "residual": 174.168699,
            "seasonal": 161.530641,
            "trend": 4838.30066,
            "value": 5174,
          },
          {
            "date": "2025-10-20",
            "isChangePoint": false,
            "residual": 53.671336,
            "seasonal": -285.134041,
            "trend": 4857.462705,
            "value": 4626,
          },
          {
            "date": "2025-10-21",
            "isChangePoint": false,
            "residual": -1.611016,
            "seasonal": -616.433031,
            "trend": 4872.044047,
            "value": 4254,
          },
          {
            "date": "2025-10-22",
            "isChangePoint": false,
            "residual": -479.87152,
            "seasonal": 264.146011,
            "trend": 4884.725509,
            "value": 4669,
          },
          {
            "date": "2025-10-23",
            "isChangePoint": false,
            "residual": 191.243708,
            "seasonal": -76.862675,
            "trend": 4896.618967,
            "value": 5011,
          },
          {
            "date": "2025-10-24",
            "isChangePoint": false,
            "residual": 106.925404,
            "seasonal": 337.67359,
            "trend": 4908.401006,
            "value": 5353,
          },
          {
            "date": "2025-10-25",
            "isChangePoint": false,
            "residual": 241.569701,
            "seasonal": 215.079505,
            "trend": 4920.350794,
            "value": 5377,
          },
          {
            "date": "2025-10-26",
            "isChangePoint": false,
            "residual": 301.98582,
            "seasonal": 161.530641,
            "trend": 4932.483539,
            "value": 5396,
          },
          {
            "date": "2025-10-27",
            "isChangePoint": false,
            "residual": 188.533209,
            "seasonal": -285.134041,
            "trend": 4944.600832,
            "value": 4848,
          },
          {
            "date": "2025-10-28",
            "isChangePoint": false,
            "residual": 136.104251,
            "seasonal": -616.433031,
            "trend": 4956.32878,
            "value": 4476,
          },
          {
            "date": "2025-10-29",
            "isChangePoint": false,
            "residual": -731.345756,
            "seasonal": 264.146011,
            "trend": 4967.199745,
            "value": 4500,
          },
        ],
        "seasonalityPeriodDays": 7,
        "summary": {
          "trendDelta": 1842.845699,
          "trendDirection": "up",
        },
        "targetMetric": "views",
      },
    },
  },
  {
    "query": "ml.trend.channel3.subscribers.full",
    "result": {
      "ok": true,
      "value": {
        "changePoints": [
          {
            "date": "2025-09-12",
            "direction": "up",
            "magnitude": 58.304146,
            "score": 1.067347,
          },
          {
            "date": "2025-09-19",
            "direction": "up",
            "magnitude": 65.862591,
            "score": 1.444364,
          },
          {
            "date": "2025-09-23",
            "direction": "up",
            "magnitude": 64.159085,
            "score": 1.405445,
          },
          {
            "date": "2025-09-29",
            "direction": "up",
            "magnitude": 61.480142,
            "score": 1.048582,
          },
          {
            "date": "2025-10-05",
            "direction": "up",
            "magnitude": 63.148002,
            "score": 1.019752,
          },
          {
            "date": "2025-10-09",
            "direction": "up",
            "magnitude": 71.368716,
            "score": 1.448332,
          },
          {
            "date": "2025-10-16",
            "direction": "up",
            "magnitude": 76.413182,
            "score": 1.122865,
          },
          {
            "date": "2025-10-20",
            "direction": "up",
            "magnitude": 81.788322,
            "score": 1.389358,
          },
          {
            "date": "2025-10-24",
            "direction": "up",
            "magnitude": 78.118716,
            "score": 1.326924,
          },
          {
            "date": "2025-10-28",
            "direction": "up",
            "magnitude": 75.777778,
            "score": 1.386386,
          },
        ],
        "channelId": "UC-GOLD-PL-003",
        "dateFrom": "2025-08-01",
        "dateTo": "2025-10-29",
        "points": [
          {
            "date": "2025-08-26",
            "isChangePoint": false,
            "residual": -0.158267,
            "seasonal": -0.471637,
            "trend": 2206.629904,
            "value": 2206,
          },
          {
            "date": "2025-08-27",
            "isChangePoint": false,
            "residual": 0.012198,
            "seasonal": -0.064766,
            "trend": 2213.052568,
            "value": 2213,
          },
          {
            "date": "2025-08-28",
            "isChangePoint": false,
            "residual": 0.291044,
            "seasonal": 0.2297,
            "trend": 2219.479256,
            "value": 2220,
          },
          {
            "date": "2025-08-29",
            "isChangePoint": false,
            "residual": 0.822974,
            "seasonal": 0.265443,
            "trend": 2225.911583,
            "value": 2227,
          },
          {
            "date": "2025-08-30",
            "isChangePoint": false,
            "residual": -0.263631,
            "seasonal": 0.913537,
            "trend": 2232.350094,
            "value": 2233,
          },
          {
            "date": "2025-08-31",
            "isChangePoint": false,
            "residual": -0.629617,
            "seasonal": -0.162917,
            "trend": 2238.792535,
            "value": 2238,
          },
          {
            "date": "2025-09-01",
            "isChangePoint": false,
            "residual": -0.524347,
            "seasonal": -0.70936,
            "trend": 2245.233707,
            "value": 2244,
          },
          {
            "date": "2025-09-02",
            "isChangePoint": false,
            "residual": -0.192306,
            "seasonal": -0.471637,
            "trend": 2251.663943,
            "value": 2251,
          },
          {
            "date": "2025-09-03",
            "isChangePoint": false,
            "residual": -0.064622,
            "seasonal": -0.064766,
            "trend": 2258.129388,
            "value": 2258,
          },
          {
            "date": "2025-09-04",
            "isChangePoint": false,
            "residual": 0.123554,
            "seasonal": 0.2297,
            "trend": 2264.646745,
            "value": 2265,
          },
          {
            "date": "2025-09-05",
            "isChangePoint": false,
            "residual": 0.48317,
            "seasonal": 0.265443,
            "trend": 2271.251387,
            "value": 2272,
          },
          {
            "date": "2025-09-06",
            "isChangePoint": false,
            "residual": -0.863554,
            "seasonal": 0.913537,
            "trend": 2277.950017,
            "value": 2278,
          },
          {
            "date": "2025-09-07",
            "isChangePoint": false,
            "residual": -0.551492,
            "seasonal": -0.162917,
            "trend": 2284.714409,
            "value": 2284,
          },
          {
            "date": "2025-09-08",
            "isChangePoint": false,
            "residual": -0.811547,
            "seasonal": -0.70936,
            "trend": 2291.520907,
            "value": 2290,
          },
          {
            "date": "2025-09-09",
            "isChangePoint": false,
            "residual": -0.881209,
            "seasonal": -0.471637,
            "trend": 2298.352846,
            "value": 2297,
          },
          {
            "date": "2025-09-10",
            "isChangePoint": false,
            "residual": -0.131679,
            "seasonal": -0.064766,
            "trend": 2305.196445,
            "value": 2305,
          },
          {
            "date": "2025-09-11",
            "isChangePoint": false,
            "residual": 0.71235,
            "seasonal": 0.2297,
            "trend": 2312.05795,
            "value": 2313,
          },
          {
            "date": "2025-09-12",
            "isChangePoint": true,
            "residual": 0.779882,
            "seasonal": 0.265443,
            "trend": 2318.954675,
            "value": 2320,
          },
          {
            "date": "2025-09-13",
            "isChangePoint": false,
            "residual": 0.205124,
            "seasonal": 0.913537,
            "trend": 2325.881339,
            "value": 2327,
          },
          {
            "date": "2025-09-14",
            "isChangePoint": false,
            "residual": 0.365645,
            "seasonal": -0.162917,
            "trend": 2332.797272,
            "value": 2333,
          },
          {
            "date": "2025-09-15",
            "isChangePoint": false,
            "residual": 0.03758,
            "seasonal": -0.70936,
            "trend": 2339.671779,
            "value": 2339,
          },
          {
            "date": "2025-09-16",
            "isChangePoint": false,
            "residual": -1.014918,
            "seasonal": -0.471637,
            "trend": 2346.486554,
            "value": 2345,
          },
          {
            "date": "2025-09-17",
            "isChangePoint": false,
            "residual": -0.18418,
            "seasonal": -0.064766,
            "trend": 2353.248946,
            "value": 2353,
          },
          {
            "date": "2025-09-18",
            "isChangePoint": false,
            "residual": 0.768735,
            "seasonal": 0.2297,
            "trend": 2360.001564,
            "value": 2361,
          },
          {
            "date": "2025-09-19",
            "isChangePoint": true,
            "residual": 0.938347,
            "seasonal": 0.265443,
            "trend": 2366.796211,
            "value": 2368,
          },
          {
            "date": "2025-09-20",
            "isChangePoint": false,
            "residual": -0.576487,
            "seasonal": 0.913537,
            "trend": 2373.66295,
            "value": 2374,
          },
          {
            "date": "2025-09-21",
            "isChangePoint": false,
            "residual": -0.436368,
            "seasonal": -0.162917,
            "trend": 2380.599286,
            "value": 2380,
          },
          {
            "date": "2025-09-22",
            "isChangePoint": false,
            "residual": -0.891678,
            "seasonal": -0.70936,
            "trend": 2387.601038,
            "value": 2386,
          },
          {
            "date": "2025-09-23",
            "isChangePoint": true,
            "residual": -1.188187,
            "seasonal": -0.471637,
            "trend": 2394.659824,
            "value": 2393,
          },
          {
            "date": "2025-09-24",
            "isChangePoint": false,
            "residual": -0.706324,
            "seasonal": -0.064766,
            "trend": 2401.77109,
            "value": 2401,
          },
          {
            "date": "2025-09-25",
            "isChangePoint": false,
            "residual": -0.188269,
            "seasonal": 0.2297,
            "trend": 2408.958569,
            "value": 2409,
          },
          {
            "date": "2025-09-26",
            "isChangePoint": false,
            "residual": 0.479286,
            "seasonal": 0.265443,
            "trend": 2416.255272,
            "value": 2417,
          },
          {
            "date": "2025-09-27",
            "isChangePoint": false,
            "residual": -0.576487,
            "seasonal": 0.913537,
            "trend": 2423.66295,
            "value": 2424,
          },
          {
            "date": "2025-09-28",
            "isChangePoint": false,
            "residual": 0.022693,
            "seasonal": -0.162917,
            "trend": 2431.140225,
            "value": 2431,
          },
          {
            "date": "2025-09-29",
            "isChangePoint": true,
            "residual": 0.065326,
            "seasonal": -0.70936,
            "trend": 2438.644034,
            "value": 2438,
          },
          {
            "date": "2025-09-30",
            "isChangePoint": false,
            "residual": -0.669928,
            "seasonal": -0.471637,
            "trend": 2446.141565,
            "value": 2445,
          },
          {
            "date": "2025-10-01",
            "isChangePoint": false,
            "residual": -0.55781,
            "seasonal": -0.064766,
            "trend": 2453.622576,
            "value": 2453,
          },
          {
            "date": "2025-10-02",
            "isChangePoint": false,
            "residual": 0.669589,
            "seasonal": 0.2297,
            "trend": 2461.100711,
            "value": 2462,
          },
          {
            "date": "2025-10-03",
            "isChangePoint": false,
            "residual": 1.14142,
            "seasonal": 0.265443,
            "trend": 2468.593137,
            "value": 2470,
          },
          {
            "date": "2025-10-04",
            "isChangePoint": false,
            "residual": -0.052311,
            "seasonal": 0.913537,
            "trend": 2476.138774,
            "value": 2477,
          },
          {
            "date": "2025-10-05",
            "isChangePoint": true,
            "residual": -0.70005,
            "seasonal": -0.162917,
            "trend": 2483.862967,
            "value": 2483,
          },
          {
            "date": "2025-10-06",
            "isChangePoint": false,
            "residual": -1.153992,
            "seasonal": -0.70936,
            "trend": 2491.863352,
            "value": 2490,
          },
          {
            "date": "2025-10-07",
            "isChangePoint": false,
            "residual": -1.68578,
            "seasonal": -0.471637,
            "trend": 2500.157416,
            "value": 2498,
          },
          {
            "date": "2025-10-08",
            "isChangePoint": false,
            "residual": -2.645206,
            "seasonal": -0.064766,
            "trend": 2508.709972,
            "value": 2506,
          },
          {
            "date": "2025-10-09",
            "isChangePoint": true,
            "residual": -3.708913,
            "seasonal": 0.2297,
            "trend": 2517.479213,
            "value": 2514,
          },
          {
            "date": "2025-10-11",
            "isChangePoint": false,
            "residual": -5.694067,
            "seasonal": 0.265443,
            "trend": 2526.428624,
            "value": 2521,
          },
          {
            "date": "2025-10-12",
            "isChangePoint": false,
            "residual": 3.579443,
            "seasonal": 0.913537,
            "trend": 2535.50702,
            "value": 2540,
          },
          {
            "date": "2025-10-13",
            "isChangePoint": false,
            "residual": 2.516382,
            "seasonal": -0.162917,
            "trend": 2544.646535,
            "value": 2547,
          },
          {
            "date": "2025-10-14",
            "isChangePoint": false,
            "residual": 1.93524,
            "seasonal": -0.70936,
            "trend": 2553.77412,
            "value": 2555,
          },
          {
            "date": "2025-10-15",
            "isChangePoint": false,
            "residual": 1.643637,
            "seasonal": -0.471637,
            "trend": 2562.827999,
            "value": 2564,
          },
          {
            "date": "2025-10-16",
            "isChangePoint": true,
            "residual": 1.31783,
            "seasonal": -0.064766,
            "trend": 2571.746936,
            "value": 2573,
          },
          {
            "date": "2025-10-17",
            "isChangePoint": false,
            "residual": 1.308693,
            "seasonal": 0.2297,
            "trend": 2580.461607,
            "value": 2582,
          },
          {
            "date": "2025-10-18",
            "isChangePoint": false,
            "residual": 0.827997,
            "seasonal": 0.265443,
            "trend": 2588.90656,
            "value": 2590,
          },
          {
            "date": "2025-10-19",
            "isChangePoint": false,
            "residual": -1.011358,
            "seasonal": 0.913537,
            "trend": 2597.097821,
            "value": 2597,
          },
          {
            "date": "2025-10-20",
            "isChangePoint": true,
            "residual": -0.967107,
            "seasonal": -0.162917,
            "trend": 2605.130025,
            "value": 2604,
          },
          {
            "date": "2025-10-21",
            "isChangePoint": false,
            "residual": 0.648152,
            "seasonal": -0.70936,
            "trend": 2613.061207,
            "value": 2613,
          },
          {
            "date": "2025-10-22",
            "isChangePoint": false,
            "residual": 1.517259,
            "seasonal": -0.471637,
            "trend": 2620.954377,
            "value": 2622,
          },
          {
            "date": "2025-10-23",
            "isChangePoint": false,
            "residual": 2.172844,
            "seasonal": -0.064766,
            "trend": 2628.891922,
            "value": 2631,
          },
          {
            "date": "2025-10-24",
            "isChangePoint": true,
            "residual": -1.100315,
            "seasonal": 0.2297,
            "trend": 2636.870615,
            "value": 2636,
          },
          {
            "date": "2025-10-25",
            "isChangePoint": false,
            "residual": -1.112804,
            "seasonal": 0.265443,
            "trend": 2644.847361,
            "value": 2644,
          },
          {
            "date": "2025-10-26",
            "isChangePoint": false,
            "residual": -1.726668,
            "seasonal": 0.913537,
            "trend": 2652.813131,
            "value": 2652,
          },
          {
            "date": "2025-10-27",
            "isChangePoint": false,
            "residual": -0.606687,
            "seasonal": -0.162917,
            "trend": 2660.769604,
            "value": 2660,
          },
          {
            "date": "2025-10-28",
            "isChangePoint": true,
            "residual": -0.01412,
            "seasonal": -0.70936,
            "trend": 2668.72348,
            "value": 2668,
          },
          {
            "date": "2025-10-29",
            "isChangePoint": false,
            "residual": 1.789286,
            "seasonal": -0.471637,
            "trend": 2676.682351,
            "value": 2678,
          },
        ],
        "seasonalityPeriodDays": 7,
        "summary": {
          "trendDelta": 470.052447,
          "trendDirection": "up",
        },
        "targetMetric": "subscribers",
      },
    },
  },
  {
    "query": "search.content.channel1.analityka",
    "result": {
      "ok": true,
      "value": {
        "channelId": "UC-GOLD-PL-001",
        "items": [
          {
            "documentId": "UC-GOLD-PL-001-VID-008-DOC",
            "publishedAt": "2025-10-22T18:00:00.000Z",
            "score": -0.0000015410337668014423,
            "snippet": "Transkrypt: Kanał Strategia - materiał 8 (<mark>analityka</mark>). Tematy: <mark>analityka</mark>, strategia, wzrost.",
            "source": "transcript",
            "title": "Kanał Strategia - materiał 8 (analityka)",
            "videoId": "UC-GOLD-PL-001-VID-008",
          },
          {
            "documentId": "UC-GOLD-PL-001-VID-007-DOC",
            "publishedAt": "2025-10-07T18:00:00.000Z",
            "score": -0.0000015410337668014423,
            "snippet": "Transkrypt: Kanał Strategia - materiał 7 (<mark>analityka</mark>). Tematy: <mark>analityka</mark>, strategia, wzrost.",
            "source": "transcript",
            "title": "Kanał Strategia - materiał 7 (analityka)",
            "videoId": "UC-GOLD-PL-001-VID-007",
          },
          {
            "documentId": "UC-GOLD-PL-001-VID-006-DOC",
            "publishedAt": "2025-09-23T18:00:00.000Z",
            "score": -0.0000015410337668014423,
            "snippet": "Transkrypt: Kanał Strategia - materiał 6 (<mark>analityka</mark>). Tematy: <mark>analityka</mark>, strategia, wzrost.",
            "source": "transcript",
            "title": "Kanał Strategia - materiał 6 (analityka)",
            "videoId": "UC-GOLD-PL-001-VID-006",
          },
          {
            "documentId": "UC-GOLD-PL-001-VID-005-DOC",
            "publishedAt": "2025-09-11T18:00:00.000Z",
            "score": -0.0000015410337668014423,
            "snippet": "Transkrypt: Kanał Strategia - materiał 5 (<mark>analityka</mark>). Tematy: <mark>analityka</mark>, strategia, wzrost.",
            "source": "transcript",
            "title": "Kanał Strategia - materiał 5 (analityka)",
            "videoId": "UC-GOLD-PL-001-VID-005",
          },
          {
            "documentId": "UC-GOLD-PL-001-VID-004-DOC",
            "publishedAt": "2025-08-30T18:00:00.000Z",
            "score": -0.0000015410337668014423,
            "snippet": "Transkrypt: Kanał Strategia - materiał 4 (<mark>analityka</mark>). Tematy: <mark>analityka</mark>, strategia, wzrost.",
            "source": "transcript",
            "title": "Kanał Strategia - materiał 4 (analityka)",
            "videoId": "UC-GOLD-PL-001-VID-004",
          },
        ],
        "query": "analityka",
        "total": 16,
      },
    },
  },
  {
    "query": "search.content.channel2.shorts",
    "result": {
      "ok": true,
      "value": {
        "channelId": "UC-GOLD-PL-002",
        "items": [
          {
            "documentId": "UC-GOLD-PL-002-VID-007-DOC",
            "publishedAt": "2025-10-18T18:00:00.000Z",
            "score": -0.6821026111991102,
            "snippet": "Transkrypt: Kanał <mark>Shorts</mark> Lab - materiał 7 (<mark>shorts</mark>). Tematy: <mark>shorts</mark>, testy, eksperyment.",
            "source": "transcript",
            "title": "Kanał Shorts Lab - materiał 7 (shorts)",
            "videoId": "UC-GOLD-PL-002-VID-007",
          },
          {
            "documentId": "UC-GOLD-PL-002-VID-006-DOC",
            "publishedAt": "2025-10-03T18:00:00.000Z",
            "score": -0.6821026111991102,
            "snippet": "Transkrypt: Kanał <mark>Shorts</mark> Lab - materiał 6 (<mark>shorts</mark>). Tematy: <mark>shorts</mark>, testy, eksperyment.",
            "source": "transcript",
            "title": "Kanał Shorts Lab - materiał 6 (shorts)",
            "videoId": "UC-GOLD-PL-002-VID-006",
          },
          {
            "documentId": "UC-GOLD-PL-002-VID-005-DOC",
            "publishedAt": "2025-09-19T18:00:00.000Z",
            "score": -0.6821026111991102,
            "snippet": "Transkrypt: Kanał <mark>Shorts</mark> Lab - materiał 5 (<mark>shorts</mark>). Tematy: <mark>shorts</mark>, testy, eksperyment.",
            "source": "transcript",
            "title": "Kanał Shorts Lab - materiał 5 (shorts)",
            "videoId": "UC-GOLD-PL-002-VID-005",
          },
          {
            "documentId": "UC-GOLD-PL-002-VID-004-DOC",
            "publishedAt": "2025-09-06T18:00:00.000Z",
            "score": -0.6821026111991102,
            "snippet": "Transkrypt: Kanał <mark>Shorts</mark> Lab - materiał 4 (<mark>shorts</mark>). Tematy: <mark>shorts</mark>, testy, eksperyment.",
            "source": "transcript",
            "title": "Kanał Shorts Lab - materiał 4 (shorts)",
            "videoId": "UC-GOLD-PL-002-VID-004",
          },
          {
            "documentId": "UC-GOLD-PL-002-VID-003-DOC",
            "publishedAt": "2025-08-26T18:00:00.000Z",
            "score": -0.6821026111991102,
            "snippet": "Transkrypt: Kanał <mark>Shorts</mark> Lab - materiał 3 (<mark>shorts</mark>). Tematy: <mark>shorts</mark>, testy, eksperyment.",
            "source": "transcript",
            "title": "Kanał Shorts Lab - materiał 3 (shorts)",
            "videoId": "UC-GOLD-PL-002-VID-003",
          },
        ],
        "query": "shorts",
        "total": 14,
      },
    },
  },
  {
    "query": "semantic.bundle.channel1.last30",
    "result": {
      "ok": true,
      "value": {
        "channel.avg_views_per_video": 17654.875,
        "channel.comments.timeseries": 0,
        "channel.comments.total": 0,
        "channel.engagement_rate": 0.06349521024646167,
        "channel.likes.timeseries": 0,
        "channel.likes.total": 0,
        "channel.snapshot.subscribers": 0,
        "channel.snapshot.views": 0,
        "channel.subscribers.latest": 0,
        "channel.subscribers.timeseries": 0,
        "channel.videos.latest": 0,
        "channel.views.timeseries": 0,
        "channel.views.total": 141239,
        "channel.watch_time_minutes.total": 0,
        "content.documents.count": 0,
        "ml.anomalies.count": 0,
        "ml.anomalies.critical_count": 0,
        "ml.forecast.points_count": 0,
        "ml.models.active_count": 0,
        "video.views.max": 23093,
      },
    },
  },
  {
    "query": "semantic.bundle.channel3.full",
    "result": {
      "ok": true,
      "value": {
        "channel.avg_views_per_video": 0,
        "channel.comments.timeseries": 0,
        "channel.comments.total": 0,
        "channel.engagement_rate": 0,
        "channel.likes.timeseries": 0,
        "channel.likes.total": 0,
        "channel.snapshot.subscribers": 0,
        "channel.snapshot.views": 0,
        "channel.subscribers.latest": 2678,
        "channel.subscribers.timeseries": 0,
        "channel.videos.latest": 5,
        "channel.views.timeseries": 0,
        "channel.views.total": 136047,
        "channel.watch_time_minutes.total": 0,
        "content.documents.count": 5,
        "ml.anomalies.count": 0,
        "ml.anomalies.critical_count": 0,
        "ml.forecast.points_count": 0,
        "ml.models.active_count": 0,
        "video.views.max": 0,
      },
    },
  },
]
`;
